+ export DISPLAY=:1
+ DISPLAY=:1
+ export XAUTHORITY=/run/user/1000/gdm/Xauthority
+ XAUTHORITY=/run/user/1000/gdm/Xauthority
+ export DBUS_SESSION_BUS_ADDRESS=unix:path=/run/user/1000/bus
+ DBUS_SESSION_BUS_ADDRESS=unix:path=/run/user/1000/bus
+ pkill -x gzserver
+ true
+ pkill -x gzclient
+ true
+ pkill -x rosmaster
+ true
+ pkill -x roscore
+ true
+ sleep 2
+ cd /home/cuing/catkin_ws
+ source /opt/ros/noetic/setup.bash
++ CATKIN_SHELL=bash
++++ dirname /opt/ros/noetic/setup.bash
+++ builtin cd /opt/ros/noetic
+++ pwd
++ _CATKIN_SETUP_DIR=/opt/ros/noetic
++ . /opt/ros/noetic/setup.sh
+++ : /opt/ros/noetic
+++ _SETUP_UTIL=/opt/ros/noetic/_setup_util.py
+++ unset _CATKIN_SETUP_DIR
+++ '[' '!' -f /opt/ros/noetic/_setup_util.py ']'
++++ uname -s
+++ _UNAME=Linux
+++ _IS_DARWIN=0
+++ '[' Linux = Darwin ']'
+++ unset _UNAME
+++ export CMAKE_PREFIX_PATH
+++ '[' 0 -eq 0 ']'
+++ export LD_LIBRARY_PATH
+++ unset _IS_DARWIN
+++ export PATH
+++ export PKG_CONFIG_PATH
+++ export PYTHONPATH
+++ '[' -z bash ']'
+++ '[' -d '' ']'
+++ _TMPDIR=/tmp
++++ mktemp /tmp/setup.sh.XXXXXXXXXX
+++ _SETUP_TMP=/tmp/setup.sh.F5RQocOSs3
+++ unset _TMPDIR
+++ '[' 0 -ne 0 -o '!' -f /tmp/setup.sh.F5RQocOSs3 ']'
+++ CATKIN_SHELL=bash
+++ /opt/ros/noetic/_setup_util.py
+++ _RC=0
+++ '[' 0 -ne 0 ']'
+++ unset _RC
+++ unset _SETUP_UTIL
+++ . /tmp/setup.sh.F5RQocOSs3
++++ export CMAKE_PREFIX_PATH=/opt/ros/noetic
++++ CMAKE_PREFIX_PATH=/opt/ros/noetic
++++ export LD_LIBRARY_PATH=/opt/ros/noetic/lib
++++ LD_LIBRARY_PATH=/opt/ros/noetic/lib
++++ export PATH=/opt/ros/noetic/bin:/usr/local/sbin:/usr/local/bin:/usr/sbin:/usr/bin:/sbin:/bin:/snap/bin
++++ PATH=/opt/ros/noetic/bin:/usr/local/sbin:/usr/local/bin:/usr/sbin:/usr/bin:/sbin:/bin:/snap/bin
++++ export PKG_CONFIG_PATH=/opt/ros/noetic/lib/pkgconfig
++++ PKG_CONFIG_PATH=/opt/ros/noetic/lib/pkgconfig
++++ export PYTHONPATH=/opt/ros/noetic/lib/python3/dist-packages
++++ PYTHONPATH=/opt/ros/noetic/lib/python3/dist-packages
++++ export _CATKIN_ENVIRONMENT_HOOKS_COUNT=12
++++ _CATKIN_ENVIRONMENT_HOOKS_COUNT=12
++++ export _CATKIN_ENVIRONMENT_HOOKS_0=/opt/ros/noetic/etc/catkin/profile.d/1.ros_distro.sh
++++ _CATKIN_ENVIRONMENT_HOOKS_0=/opt/ros/noetic/etc/catkin/profile.d/1.ros_distro.sh
++++ export _CATKIN_ENVIRONMENT_HOOKS_0_WORKSPACE=/opt/ros/noetic
++++ _CATKIN_ENVIRONMENT_HOOKS_0_WORKSPACE=/opt/ros/noetic
++++ export _CATKIN_ENVIRONMENT_HOOKS_1=/opt/ros/noetic/etc/catkin/profile.d/1.ros_etc_dir.sh
++++ _CATKIN_ENVIRONMENT_HOOKS_1=/opt/ros/noetic/etc/catkin/profile.d/1.ros_etc_dir.sh
++++ export _CATKIN_ENVIRONMENT_HOOKS_1_WORKSPACE=/opt/ros/noetic
++++ _CATKIN_ENVIRONMENT_HOOKS_1_WORKSPACE=/opt/ros/noetic
++++ export _CATKIN_ENVIRONMENT_HOOKS_2=/opt/ros/noetic/etc/catkin/profile.d/1.ros_package_path.sh
++++ _CATKIN_ENVIRONMENT_HOOKS_2=/opt/ros/noetic/etc/catkin/profile.d/1.ros_package_path.sh
++++ export _CATKIN_ENVIRONMENT_HOOKS_2_WORKSPACE=/opt/ros/noetic
++++ _CATKIN_ENVIRONMENT_HOOKS_2_WORKSPACE=/opt/ros/noetic
++++ export _CATKIN_ENVIRONMENT_HOOKS_3=/opt/ros/noetic/etc/catkin/profile.d/1.ros_python_version.sh
++++ _CATKIN_ENVIRONMENT_HOOKS_3=/opt/ros/noetic/etc/catkin/profile.d/1.ros_python_version.sh
++++ export _CATKIN_ENVIRONMENT_HOOKS_3_WORKSPACE=/opt/ros/noetic
++++ _CATKIN_ENVIRONMENT_HOOKS_3_WORKSPACE=/opt/ros/noetic
++++ export _CATKIN_ENVIRONMENT_HOOKS_4=/opt/ros/noetic/etc/catkin/profile.d/1.ros_version.sh
++++ _CATKIN_ENVIRONMENT_HOOKS_4=/opt/ros/noetic/etc/catkin/profile.d/1.ros_version.sh
++++ export _CATKIN_ENVIRONMENT_HOOKS_4_WORKSPACE=/opt/ros/noetic
++++ _CATKIN_ENVIRONMENT_HOOKS_4_WORKSPACE=/opt/ros/noetic
++++ export _CATKIN_ENVIRONMENT_HOOKS_5=/opt/ros/noetic/etc/catkin/profile.d/10.rosbuild.sh
++++ _CATKIN_ENVIRONMENT_HOOKS_5=/opt/ros/noetic/etc/catkin/profile.d/10.rosbuild.sh
++++ export _CATKIN_ENVIRONMENT_HOOKS_5_WORKSPACE=/opt/ros/noetic
++++ _CATKIN_ENVIRONMENT_HOOKS_5_WORKSPACE=/opt/ros/noetic
++++ export _CATKIN_ENVIRONMENT_HOOKS_6=/opt/ros/noetic/etc/catkin/profile.d/10.roslaunch.sh
++++ _CATKIN_ENVIRONMENT_HOOKS_6=/opt/ros/noetic/etc/catkin/profile.d/10.roslaunch.sh
++++ export _CATKIN_ENVIRONMENT_HOOKS_6_WORKSPACE=/opt/ros/noetic
++++ _CATKIN_ENVIRONMENT_HOOKS_6_WORKSPACE=/opt/ros/noetic
++++ export _CATKIN_ENVIRONMENT_HOOKS_7=/opt/ros/noetic/etc/catkin/profile.d/99.roslisp.sh
++++ _CATKIN_ENVIRONMENT_HOOKS_7=/opt/ros/noetic/etc/catkin/profile.d/99.roslisp.sh
++++ export _CATKIN_ENVIRONMENT_HOOKS_7_WORKSPACE=/opt/ros/noetic
++++ _CATKIN_ENVIRONMENT_HOOKS_7_WORKSPACE=/opt/ros/noetic
++++ export _CATKIN_ENVIRONMENT_HOOKS_8=/opt/ros/noetic/etc/catkin/profile.d/05.catkin_make.bash
++++ _CATKIN_ENVIRONMENT_HOOKS_8=/opt/ros/noetic/etc/catkin/profile.d/05.catkin_make.bash
++++ export _CATKIN_ENVIRONMENT_HOOKS_8_WORKSPACE=/opt/ros/noetic
++++ _CATKIN_ENVIRONMENT_HOOKS_8_WORKSPACE=/opt/ros/noetic
++++ export _CATKIN_ENVIRONMENT_HOOKS_9=/opt/ros/noetic/etc/catkin/profile.d/05.catkin_make_isolated.bash
++++ _CATKIN_ENVIRONMENT_HOOKS_9=/opt/ros/noetic/etc/catkin/profile.d/05.catkin_make_isolated.bash
++++ export _CATKIN_ENVIRONMENT_HOOKS_9_WORKSPACE=/opt/ros/noetic
++++ _CATKIN_ENVIRONMENT_HOOKS_9_WORKSPACE=/opt/ros/noetic
++++ export _CATKIN_ENVIRONMENT_HOOKS_10=/opt/ros/noetic/etc/catkin/profile.d/15.rosbash.bash
++++ _CATKIN_ENVIRONMENT_HOOKS_10=/opt/ros/noetic/etc/catkin/profile.d/15.rosbash.bash
++++ export _CATKIN_ENVIRONMENT_HOOKS_10_WORKSPACE=/opt/ros/noetic
++++ _CATKIN_ENVIRONMENT_HOOKS_10_WORKSPACE=/opt/ros/noetic
++++ export _CATKIN_ENVIRONMENT_HOOKS_11=/opt/ros/noetic/etc/catkin/profile.d/20.transform.bash
++++ _CATKIN_ENVIRONMENT_HOOKS_11=/opt/ros/noetic/etc/catkin/profile.d/20.transform.bash
++++ export _CATKIN_ENVIRONMENT_HOOKS_11_WORKSPACE=/opt/ros/noetic
++++ _CATKIN_ENVIRONMENT_HOOKS_11_WORKSPACE=/opt/ros/noetic
+++ rm -f /tmp/setup.sh.F5RQocOSs3
+++ unset _SETUP_TMP
+++ _i=0
+++ '[' 0 -lt 12 ']'
+++ eval '_envfile=$_CATKIN_ENVIRONMENT_HOOKS_0'
++++ _envfile=/opt/ros/noetic/etc/catkin/profile.d/1.ros_distro.sh
+++ unset _CATKIN_ENVIRONMENT_HOOKS_0
+++ eval '_envfile_workspace=$_CATKIN_ENVIRONMENT_HOOKS_0_WORKSPACE'
++++ _envfile_workspace=/opt/ros/noetic
+++ unset _CATKIN_ENVIRONMENT_HOOKS_0_WORKSPACE
+++ CATKIN_ENV_HOOK_WORKSPACE=/opt/ros/noetic
+++ . /opt/ros/noetic/etc/catkin/profile.d/1.ros_distro.sh
++++ '[' -n '' -a '' '!=' noetic ']'
++++ export ROS_DISTRO=noetic
++++ ROS_DISTRO=noetic
+++ unset CATKIN_ENV_HOOK_WORKSPACE
+++ _i=1
+++ '[' 1 -lt 12 ']'
+++ eval '_envfile=$_CATKIN_ENVIRONMENT_HOOKS_1'
++++ _envfile=/opt/ros/noetic/etc/catkin/profile.d/1.ros_etc_dir.sh
+++ unset _CATKIN_ENVIRONMENT_HOOKS_1
+++ eval '_envfile_workspace=$_CATKIN_ENVIRONMENT_HOOKS_1_WORKSPACE'
++++ _envfile_workspace=/opt/ros/noetic
+++ unset _CATKIN_ENVIRONMENT_HOOKS_1_WORKSPACE
+++ CATKIN_ENV_HOOK_WORKSPACE=/opt/ros/noetic
+++ . /opt/ros/noetic/etc/catkin/profile.d/1.ros_etc_dir.sh
++++ '[' -z /opt/ros/noetic ']'
++++ export ROS_ETC_DIR=/opt/ros/noetic/etc/ros
++++ ROS_ETC_DIR=/opt/ros/noetic/etc/ros
+++ unset CATKIN_ENV_HOOK_WORKSPACE
+++ _i=2
+++ '[' 2 -lt 12 ']'
+++ eval '_envfile=$_CATKIN_ENVIRONMENT_HOOKS_2'
++++ _envfile=/opt/ros/noetic/etc/catkin/profile.d/1.ros_package_path.sh
+++ unset _CATKIN_ENVIRONMENT_HOOKS_2
+++ eval '_envfile_workspace=$_CATKIN_ENVIRONMENT_HOOKS_2_WORKSPACE'
++++ _envfile_workspace=/opt/ros/noetic
+++ unset _CATKIN_ENVIRONMENT_HOOKS_2_WORKSPACE
+++ CATKIN_ENV_HOOK_WORKSPACE=/opt/ros/noetic
+++ . /opt/ros/noetic/etc/catkin/profile.d/1.ros_package_path.sh
+++++ cat
++++ PYTHON_CODE_BUILD_ROS_PACKAGE_PATH='from __future__ import print_function
import os
env_name = '\''CMAKE_PREFIX_PATH'\''
paths = [path for path in os.environ[env_name].split(os.pathsep)] if env_name in os.environ and os.environ[env_name] != '\'''\'' else []
workspaces = [path for path in paths if os.path.exists(os.path.join(path, '\''.catkin'\''))]
paths = []
for workspace in workspaces:
    filename = os.path.join(workspace, '\''.catkin'\'')
    data = '\'''\''
    with open(filename) as f:
        data = f.read()
    if data == '\'''\'':
        paths.append(os.path.join(workspace, '\''share'\''))
        if os.path.isdir(os.path.join(workspace, '\''stacks'\'')):
            paths.append(os.path.join(workspace, '\''stacks'\''))
    else:
        for source_path in data.split('\'';'\''):
            paths.append(source_path)
print(os.pathsep.join(paths))'
+++++ /usr/bin/python3 -c 'from __future__ import print_function
import os
env_name = '\''CMAKE_PREFIX_PATH'\''
paths = [path for path in os.environ[env_name].split(os.pathsep)] if env_name in os.environ and os.environ[env_name] != '\'''\'' else []
workspaces = [path for path in paths if os.path.exists(os.path.join(path, '\''.catkin'\''))]
paths = []
for workspace in workspaces:
    filename = os.path.join(workspace, '\''.catkin'\'')
    data = '\'''\''
    with open(filename) as f:
        data = f.read()
    if data == '\'''\'':
        paths.append(os.path.join(workspace, '\''share'\''))
        if os.path.isdir(os.path.join(workspace, '\''stacks'\'')):
            paths.append(os.path.join(workspace, '\''stacks'\''))
    else:
        for source_path in data.split('\'';'\''):
            paths.append(source_path)
print(os.pathsep.join(paths))'
++++ export ROS_PACKAGE_PATH=/opt/ros/noetic/share
++++ ROS_PACKAGE_PATH=/opt/ros/noetic/share
+++ unset CATKIN_ENV_HOOK_WORKSPACE
+++ _i=3
+++ '[' 3 -lt 12 ']'
+++ eval '_envfile=$_CATKIN_ENVIRONMENT_HOOKS_3'
++++ _envfile=/opt/ros/noetic/etc/catkin/profile.d/1.ros_python_version.sh
+++ unset _CATKIN_ENVIRONMENT_HOOKS_3
+++ eval '_envfile_workspace=$_CATKIN_ENVIRONMENT_HOOKS_3_WORKSPACE'
++++ _envfile_workspace=/opt/ros/noetic
+++ unset _CATKIN_ENVIRONMENT_HOOKS_3_WORKSPACE
+++ CATKIN_ENV_HOOK_WORKSPACE=/opt/ros/noetic
+++ . /opt/ros/noetic/etc/catkin/profile.d/1.ros_python_version.sh
++++ export ROS_PYTHON_VERSION=3
++++ ROS_PYTHON_VERSION=3
+++ unset CATKIN_ENV_HOOK_WORKSPACE
+++ _i=4
+++ '[' 4 -lt 12 ']'
+++ eval '_envfile=$_CATKIN_ENVIRONMENT_HOOKS_4'
++++ _envfile=/opt/ros/noetic/etc/catkin/profile.d/1.ros_version.sh
+++ unset _CATKIN_ENVIRONMENT_HOOKS_4
+++ eval '_envfile_workspace=$_CATKIN_ENVIRONMENT_HOOKS_4_WORKSPACE'
++++ _envfile_workspace=/opt/ros/noetic
+++ unset _CATKIN_ENVIRONMENT_HOOKS_4_WORKSPACE
+++ CATKIN_ENV_HOOK_WORKSPACE=/opt/ros/noetic
+++ . /opt/ros/noetic/etc/catkin/profile.d/1.ros_version.sh
++++ export ROS_VERSION=1
++++ ROS_VERSION=1
+++ unset CATKIN_ENV_HOOK_WORKSPACE
+++ _i=5
+++ '[' 5 -lt 12 ']'
+++ eval '_envfile=$_CATKIN_ENVIRONMENT_HOOKS_5'
++++ _envfile=/opt/ros/noetic/etc/catkin/profile.d/10.rosbuild.sh
+++ unset _CATKIN_ENVIRONMENT_HOOKS_5
+++ eval '_envfile_workspace=$_CATKIN_ENVIRONMENT_HOOKS_5_WORKSPACE'
++++ _envfile_workspace=/opt/ros/noetic
+++ unset _CATKIN_ENVIRONMENT_HOOKS_5_WORKSPACE
+++ CATKIN_ENV_HOOK_WORKSPACE=/opt/ros/noetic
+++ . /opt/ros/noetic/etc/catkin/profile.d/10.rosbuild.sh
++++ '[' -z /opt/ros/noetic ']'
++++ export ROS_ROOT=/opt/ros/noetic/share/ros
++++ ROS_ROOT=/opt/ros/noetic/share/ros
+++ unset CATKIN_ENV_HOOK_WORKSPACE
+++ _i=6
+++ '[' 6 -lt 12 ']'
+++ eval '_envfile=$_CATKIN_ENVIRONMENT_HOOKS_6'
++++ _envfile=/opt/ros/noetic/etc/catkin/profile.d/10.roslaunch.sh
+++ unset _CATKIN_ENVIRONMENT_HOOKS_6
+++ eval '_envfile_workspace=$_CATKIN_ENVIRONMENT_HOOKS_6_WORKSPACE'
++++ _envfile_workspace=/opt/ros/noetic
+++ unset _CATKIN_ENVIRONMENT_HOOKS_6_WORKSPACE
+++ CATKIN_ENV_HOOK_WORKSPACE=/opt/ros/noetic
+++ . /opt/ros/noetic/etc/catkin/profile.d/10.roslaunch.sh
++++ '[' '!' '' ']'
++++ export ROS_MASTER_URI=http://localhost:11311
++++ ROS_MASTER_URI=http://localhost:11311
+++ unset CATKIN_ENV_HOOK_WORKSPACE
+++ _i=7
+++ '[' 7 -lt 12 ']'
+++ eval '_envfile=$_CATKIN_ENVIRONMENT_HOOKS_7'
++++ _envfile=/opt/ros/noetic/etc/catkin/profile.d/99.roslisp.sh
+++ unset _CATKIN_ENVIRONMENT_HOOKS_7
+++ eval '_envfile_workspace=$_CATKIN_ENVIRONMENT_HOOKS_7_WORKSPACE'
++++ _envfile_workspace=/opt/ros/noetic
+++ unset _CATKIN_ENVIRONMENT_HOOKS_7_WORKSPACE
+++ CATKIN_ENV_HOOK_WORKSPACE=/opt/ros/noetic
+++ . /opt/ros/noetic/etc/catkin/profile.d/99.roslisp.sh
+++++ cat
++++ PYTHON_CODE_BUILD_ROSLISP_PACKAGE_DIRECTORIES='from __future__ import print_function
import os
env_name = '\''CMAKE_PREFIX_PATH'\''
paths = [path for path in os.environ[env_name].split(os.pathsep)] if env_name in os.environ and os.environ[env_name] != '\'''\'' else []
workspaces = [path for path in paths if os.path.exists(os.path.join(path, '\''.catkin'\''))]
paths = []
for workspace in workspaces:
    filename = os.path.join(workspace, '\''.catkin'\'')
    data = '\'''\''
    with open(filename) as f:
        data = f.read()
    if data:
        paths.append(os.path.join(workspace, '\''share'\'', '\''common-lisp'\''))
print(os.pathsep.join(paths))'
+++++ /usr/bin/python3 -c 'from __future__ import print_function
import os
env_name = '\''CMAKE_PREFIX_PATH'\''
paths = [path for path in os.environ[env_name].split(os.pathsep)] if env_name in os.environ and os.environ[env_name] != '\'''\'' else []
workspaces = [path for path in paths if os.path.exists(os.path.join(path, '\''.catkin'\''))]
paths = []
for workspace in workspaces:
    filename = os.path.join(workspace, '\''.catkin'\'')
    data = '\'''\''
    with open(filename) as f:
        data = f.read()
    if data:
        paths.append(os.path.join(workspace, '\''share'\'', '\''common-lisp'\''))
print(os.pathsep.join(paths))'
++++ export ROSLISP_PACKAGE_DIRECTORIES=
++++ ROSLISP_PACKAGE_DIRECTORIES=
+++ unset CATKIN_ENV_HOOK_WORKSPACE
+++ _i=8
+++ '[' 8 -lt 12 ']'
+++ eval '_envfile=$_CATKIN_ENVIRONMENT_HOOKS_8'
++++ _envfile=/opt/ros/noetic/etc/catkin/profile.d/05.catkin_make.bash
+++ unset _CATKIN_ENVIRONMENT_HOOKS_8
+++ eval '_envfile_workspace=$_CATKIN_ENVIRONMENT_HOOKS_8_WORKSPACE'
++++ _envfile_workspace=/opt/ros/noetic
+++ unset _CATKIN_ENVIRONMENT_HOOKS_8_WORKSPACE
+++ CATKIN_ENV_HOOK_WORKSPACE=/opt/ros/noetic
+++ . /opt/ros/noetic/etc/catkin/profile.d/05.catkin_make.bash
++++ complete -F _catkin_make catkin_make
+++ unset CATKIN_ENV_HOOK_WORKSPACE
+++ _i=9
+++ '[' 9 -lt 12 ']'
+++ eval '_envfile=$_CATKIN_ENVIRONMENT_HOOKS_9'
++++ _envfile=/opt/ros/noetic/etc/catkin/profile.d/05.catkin_make_isolated.bash
+++ unset _CATKIN_ENVIRONMENT_HOOKS_9
+++ eval '_envfile_workspace=$_CATKIN_ENVIRONMENT_HOOKS_9_WORKSPACE'
++++ _envfile_workspace=/opt/ros/noetic
+++ unset _CATKIN_ENVIRONMENT_HOOKS_9_WORKSPACE
+++ CATKIN_ENV_HOOK_WORKSPACE=/opt/ros/noetic
+++ . /opt/ros/noetic/etc/catkin/profile.d/05.catkin_make_isolated.bash
++++ complete -F _catkin_make_isolated catkin_make_isolated
+++ unset CATKIN_ENV_HOOK_WORKSPACE
+++ _i=10
+++ '[' 10 -lt 12 ']'
+++ eval '_envfile=$_CATKIN_ENVIRONMENT_HOOKS_10'
++++ _envfile=/opt/ros/noetic/etc/catkin/profile.d/15.rosbash.bash
+++ unset _CATKIN_ENVIRONMENT_HOOKS_10
+++ eval '_envfile_workspace=$_CATKIN_ENVIRONMENT_HOOKS_10_WORKSPACE'
++++ _envfile_workspace=/opt/ros/noetic
+++ unset _CATKIN_ENVIRONMENT_HOOKS_10_WORKSPACE
+++ CATKIN_ENV_HOOK_WORKSPACE=/opt/ros/noetic
+++ . /opt/ros/noetic/etc/catkin/profile.d/15.rosbash.bash
++++ '[' -z /opt/ros/noetic ']'
++++ . /opt/ros/noetic/share/rosbash/rosbash
+++++ complete -F _roscomplete_sub_dir -o nospace roscd
+++++ complete -F _roscomplete_sub_dir -o nospace rospd
+++++ complete -F _roscomplete_sub_dir -o nospace rosls
+++++ complete -F _roscomplete_rosmake rosmake
+++++ complete -F _roscomplete_rosclean rosclean
+++++ complete -F _roscomplete_exe rosrun
+++++ complete -F _roscomplete_file rosed
+++++ complete -F _roscomplete_file roscp
+++++ complete -F _roscomplete_file roscat
+++++ complete -F _roscomplete_launch -o filenames roslaunch
+++++ complete -F _roscomplete_test -o filenames rostest
+++++ complete -F _roscomplete_rospack rospack
+++++ complete -F _roscomplete_rosbag -o default rosbag
+++++ complete -F _roscomplete_rosnode rosnode
+++++ complete -F _roscomplete_rosparam rosparam
+++++ complete -F _roscomplete_rostopic rostopic
+++++ complete -F _roscomplete_rosservice rosservice
+++++ complete -F _roscomplete_rosmsg rosmsg
+++++ complete -F _roscomplete_rossrv rossrv
+++++ complete -F _roscomplete_roscreate_pkg roscreate-pkg
+++++ complete -F _roscomplete_roswtf -o filenames roswtf
+++++ complete -F _roscomplete_rosconsole rosconsole
+++++ complete -F _roscomplete_filemv rosmv
+++ unset CATKIN_ENV_HOOK_WORKSPACE
+++ _i=11
+++ '[' 11 -lt 12 ']'
+++ eval '_envfile=$_CATKIN_ENVIRONMENT_HOOKS_11'
++++ _envfile=/opt/ros/noetic/etc/catkin/profile.d/20.transform.bash
+++ unset _CATKIN_ENVIRONMENT_HOOKS_11
+++ eval '_envfile_workspace=$_CATKIN_ENVIRONMENT_HOOKS_11_WORKSPACE'
++++ _envfile_workspace=/opt/ros/noetic
+++ unset _CATKIN_ENVIRONMENT_HOOKS_11_WORKSPACE
+++ CATKIN_ENV_HOOK_WORKSPACE=/opt/ros/noetic
+++ . /opt/ros/noetic/etc/catkin/profile.d/20.transform.bash
+++++ complete
+++++ grep -w rosrun
+++++ awk '{print $3}'
++++ _sav_transform_roscomplete_rosrun=_roscomplete_exe
++++ complete -F _roscomplete_rosrun_transform rosrun
+++ unset CATKIN_ENV_HOOK_WORKSPACE
+++ _i=12
+++ '[' 12 -lt 12 ']'
+++ unset _i
+++ unset _CATKIN_ENVIRONMENT_HOOKS_COUNT
+ source devel/setup.bash
++ CATKIN_SHELL=bash
++++ dirname devel/setup.bash
+++ builtin cd devel
+++ pwd
++ _CATKIN_SETUP_DIR=/home/cuing/catkin_ws/devel
++ . /home/cuing/catkin_ws/devel/setup.sh
+++ : /home/cuing/catkin_ws/devel
+++ _SETUP_UTIL=/home/cuing/catkin_ws/devel/_setup_util.py
+++ unset _CATKIN_SETUP_DIR
+++ '[' '!' -f /home/cuing/catkin_ws/devel/_setup_util.py ']'
++++ uname -s
+++ _UNAME=Linux
+++ _IS_DARWIN=0
+++ '[' Linux = Darwin ']'
+++ unset _UNAME
+++ export CMAKE_PREFIX_PATH
+++ '[' 0 -eq 0 ']'
+++ export LD_LIBRARY_PATH
+++ unset _IS_DARWIN
+++ export PATH
+++ export PKG_CONFIG_PATH
+++ export PYTHONPATH
+++ '[' -z bash ']'
+++ '[' -d '' ']'
+++ _TMPDIR=/tmp
++++ mktemp /tmp/setup.sh.XXXXXXXXXX
+++ _SETUP_TMP=/tmp/setup.sh.Tm3h6axc4n
+++ unset _TMPDIR
+++ '[' 0 -ne 0 -o '!' -f /tmp/setup.sh.Tm3h6axc4n ']'
+++ CATKIN_SHELL=bash
+++ /home/cuing/catkin_ws/devel/_setup_util.py
+++ _RC=0
+++ '[' 0 -ne 0 ']'
+++ unset _RC
+++ unset _SETUP_UTIL
+++ . /tmp/setup.sh.Tm3h6axc4n
++++ export CMAKE_PREFIX_PATH=
++++ CMAKE_PREFIX_PATH=
++++ export LD_LIBRARY_PATH=
++++ LD_LIBRARY_PATH=
++++ export PATH=/usr/local/sbin:/usr/local/bin:/usr/sbin:/usr/bin:/sbin:/bin:/snap/bin
++++ PATH=/usr/local/sbin:/usr/local/bin:/usr/sbin:/usr/bin:/sbin:/bin:/snap/bin
++++ export PKG_CONFIG_PATH=
++++ PKG_CONFIG_PATH=
++++ export PYTHONPATH=
++++ PYTHONPATH=
++++ export CMAKE_PREFIX_PATH=/home/cuing/catkin_ws/devel:/opt/ros/noetic
++++ CMAKE_PREFIX_PATH=/home/cuing/catkin_ws/devel:/opt/ros/noetic
++++ export LD_LIBRARY_PATH=/home/cuing/catkin_ws/devel/lib:/opt/ros/noetic/lib
++++ LD_LIBRARY_PATH=/home/cuing/catkin_ws/devel/lib:/opt/ros/noetic/lib
++++ export PATH=/opt/ros/noetic/bin:/usr/local/sbin:/usr/local/bin:/usr/sbin:/usr/bin:/sbin:/bin:/snap/bin
++++ PATH=/opt/ros/noetic/bin:/usr/local/sbin:/usr/local/bin:/usr/sbin:/usr/bin:/sbin:/bin:/snap/bin
++++ export PKG_CONFIG_PATH=/home/cuing/catkin_ws/devel/lib/pkgconfig:/opt/ros/noetic/lib/pkgconfig
++++ PKG_CONFIG_PATH=/home/cuing/catkin_ws/devel/lib/pkgconfig:/opt/ros/noetic/lib/pkgconfig
++++ export PYTHONPATH=/opt/ros/noetic/lib/python3/dist-packages
++++ PYTHONPATH=/opt/ros/noetic/lib/python3/dist-packages
++++ export _CATKIN_ENVIRONMENT_HOOKS_COUNT=12
++++ _CATKIN_ENVIRONMENT_HOOKS_COUNT=12
++++ export _CATKIN_ENVIRONMENT_HOOKS_0=/opt/ros/noetic/etc/catkin/profile.d/1.ros_distro.sh
++++ _CATKIN_ENVIRONMENT_HOOKS_0=/opt/ros/noetic/etc/catkin/profile.d/1.ros_distro.sh
++++ export _CATKIN_ENVIRONMENT_HOOKS_0_WORKSPACE=/opt/ros/noetic
++++ _CATKIN_ENVIRONMENT_HOOKS_0_WORKSPACE=/opt/ros/noetic
++++ export _CATKIN_ENVIRONMENT_HOOKS_1=/opt/ros/noetic/etc/catkin/profile.d/1.ros_etc_dir.sh
++++ _CATKIN_ENVIRONMENT_HOOKS_1=/opt/ros/noetic/etc/catkin/profile.d/1.ros_etc_dir.sh
++++ export _CATKIN_ENVIRONMENT_HOOKS_1_WORKSPACE=/opt/ros/noetic
++++ _CATKIN_ENVIRONMENT_HOOKS_1_WORKSPACE=/opt/ros/noetic
++++ export _CATKIN_ENVIRONMENT_HOOKS_2=/opt/ros/noetic/etc/catkin/profile.d/1.ros_package_path.sh
++++ _CATKIN_ENVIRONMENT_HOOKS_2=/opt/ros/noetic/etc/catkin/profile.d/1.ros_package_path.sh
++++ export _CATKIN_ENVIRONMENT_HOOKS_2_WORKSPACE=/opt/ros/noetic
++++ _CATKIN_ENVIRONMENT_HOOKS_2_WORKSPACE=/opt/ros/noetic
++++ export _CATKIN_ENVIRONMENT_HOOKS_3=/opt/ros/noetic/etc/catkin/profile.d/1.ros_python_version.sh
++++ _CATKIN_ENVIRONMENT_HOOKS_3=/opt/ros/noetic/etc/catkin/profile.d/1.ros_python_version.sh
++++ export _CATKIN_ENVIRONMENT_HOOKS_3_WORKSPACE=/opt/ros/noetic
++++ _CATKIN_ENVIRONMENT_HOOKS_3_WORKSPACE=/opt/ros/noetic
++++ export _CATKIN_ENVIRONMENT_HOOKS_4=/opt/ros/noetic/etc/catkin/profile.d/1.ros_version.sh
++++ _CATKIN_ENVIRONMENT_HOOKS_4=/opt/ros/noetic/etc/catkin/profile.d/1.ros_version.sh
++++ export _CATKIN_ENVIRONMENT_HOOKS_4_WORKSPACE=/opt/ros/noetic
++++ _CATKIN_ENVIRONMENT_HOOKS_4_WORKSPACE=/opt/ros/noetic
++++ export _CATKIN_ENVIRONMENT_HOOKS_5=/opt/ros/noetic/etc/catkin/profile.d/10.rosbuild.sh
++++ _CATKIN_ENVIRONMENT_HOOKS_5=/opt/ros/noetic/etc/catkin/profile.d/10.rosbuild.sh
++++ export _CATKIN_ENVIRONMENT_HOOKS_5_WORKSPACE=/opt/ros/noetic
++++ _CATKIN_ENVIRONMENT_HOOKS_5_WORKSPACE=/opt/ros/noetic
++++ export _CATKIN_ENVIRONMENT_HOOKS_6=/opt/ros/noetic/etc/catkin/profile.d/10.roslaunch.sh
++++ _CATKIN_ENVIRONMENT_HOOKS_6=/opt/ros/noetic/etc/catkin/profile.d/10.roslaunch.sh
++++ export _CATKIN_ENVIRONMENT_HOOKS_6_WORKSPACE=/opt/ros/noetic
++++ _CATKIN_ENVIRONMENT_HOOKS_6_WORKSPACE=/opt/ros/noetic
++++ export _CATKIN_ENVIRONMENT_HOOKS_7=/opt/ros/noetic/etc/catkin/profile.d/99.roslisp.sh
++++ _CATKIN_ENVIRONMENT_HOOKS_7=/opt/ros/noetic/etc/catkin/profile.d/99.roslisp.sh
++++ export _CATKIN_ENVIRONMENT_HOOKS_7_WORKSPACE=/opt/ros/noetic
++++ _CATKIN_ENVIRONMENT_HOOKS_7_WORKSPACE=/opt/ros/noetic
++++ export _CATKIN_ENVIRONMENT_HOOKS_8=/opt/ros/noetic/etc/catkin/profile.d/05.catkin_make.bash
++++ _CATKIN_ENVIRONMENT_HOOKS_8=/opt/ros/noetic/etc/catkin/profile.d/05.catkin_make.bash
++++ export _CATKIN_ENVIRONMENT_HOOKS_8_WORKSPACE=/opt/ros/noetic
++++ _CATKIN_ENVIRONMENT_HOOKS_8_WORKSPACE=/opt/ros/noetic
++++ export _CATKIN_ENVIRONMENT_HOOKS_9=/opt/ros/noetic/etc/catkin/profile.d/05.catkin_make_isolated.bash
++++ _CATKIN_ENVIRONMENT_HOOKS_9=/opt/ros/noetic/etc/catkin/profile.d/05.catkin_make_isolated.bash
++++ export _CATKIN_ENVIRONMENT_HOOKS_9_WORKSPACE=/opt/ros/noetic
++++ _CATKIN_ENVIRONMENT_HOOKS_9_WORKSPACE=/opt/ros/noetic
++++ export _CATKIN_ENVIRONMENT_HOOKS_10=/opt/ros/noetic/etc/catkin/profile.d/15.rosbash.bash
++++ _CATKIN_ENVIRONMENT_HOOKS_10=/opt/ros/noetic/etc/catkin/profile.d/15.rosbash.bash
++++ export _CATKIN_ENVIRONMENT_HOOKS_10_WORKSPACE=/opt/ros/noetic
++++ _CATKIN_ENVIRONMENT_HOOKS_10_WORKSPACE=/opt/ros/noetic
++++ export _CATKIN_ENVIRONMENT_HOOKS_11=/opt/ros/noetic/etc/catkin/profile.d/20.transform.bash
++++ _CATKIN_ENVIRONMENT_HOOKS_11=/opt/ros/noetic/etc/catkin/profile.d/20.transform.bash
++++ export _CATKIN_ENVIRONMENT_HOOKS_11_WORKSPACE=/opt/ros/noetic
++++ _CATKIN_ENVIRONMENT_HOOKS_11_WORKSPACE=/opt/ros/noetic
+++ rm -f /tmp/setup.sh.Tm3h6axc4n
+++ unset _SETUP_TMP
+++ _i=0
+++ '[' 0 -lt 12 ']'
+++ eval '_envfile=$_CATKIN_ENVIRONMENT_HOOKS_0'
++++ _envfile=/opt/ros/noetic/etc/catkin/profile.d/1.ros_distro.sh
+++ unset _CATKIN_ENVIRONMENT_HOOKS_0
+++ eval '_envfile_workspace=$_CATKIN_ENVIRONMENT_HOOKS_0_WORKSPACE'
++++ _envfile_workspace=/opt/ros/noetic
+++ unset _CATKIN_ENVIRONMENT_HOOKS_0_WORKSPACE
+++ CATKIN_ENV_HOOK_WORKSPACE=/opt/ros/noetic
+++ . /opt/ros/noetic/etc/catkin/profile.d/1.ros_distro.sh
++++ '[' -n noetic -a noetic '!=' noetic ']'
++++ export ROS_DISTRO=noetic
++++ ROS_DISTRO=noetic
+++ unset CATKIN_ENV_HOOK_WORKSPACE
+++ _i=1
+++ '[' 1 -lt 12 ']'
+++ eval '_envfile=$_CATKIN_ENVIRONMENT_HOOKS_1'
++++ _envfile=/opt/ros/noetic/etc/catkin/profile.d/1.ros_etc_dir.sh
+++ unset _CATKIN_ENVIRONMENT_HOOKS_1
+++ eval '_envfile_workspace=$_CATKIN_ENVIRONMENT_HOOKS_1_WORKSPACE'
++++ _envfile_workspace=/opt/ros/noetic
+++ unset _CATKIN_ENVIRONMENT_HOOKS_1_WORKSPACE
+++ CATKIN_ENV_HOOK_WORKSPACE=/opt/ros/noetic
+++ . /opt/ros/noetic/etc/catkin/profile.d/1.ros_etc_dir.sh
++++ '[' -z /opt/ros/noetic ']'
++++ export ROS_ETC_DIR=/opt/ros/noetic/etc/ros
++++ ROS_ETC_DIR=/opt/ros/noetic/etc/ros
+++ unset CATKIN_ENV_HOOK_WORKSPACE
+++ _i=2
+++ '[' 2 -lt 12 ']'
+++ eval '_envfile=$_CATKIN_ENVIRONMENT_HOOKS_2'
++++ _envfile=/opt/ros/noetic/etc/catkin/profile.d/1.ros_package_path.sh
+++ unset _CATKIN_ENVIRONMENT_HOOKS_2
+++ eval '_envfile_workspace=$_CATKIN_ENVIRONMENT_HOOKS_2_WORKSPACE'
++++ _envfile_workspace=/opt/ros/noetic
+++ unset _CATKIN_ENVIRONMENT_HOOKS_2_WORKSPACE
+++ CATKIN_ENV_HOOK_WORKSPACE=/opt/ros/noetic
+++ . /opt/ros/noetic/etc/catkin/profile.d/1.ros_package_path.sh
+++++ cat
++++ PYTHON_CODE_BUILD_ROS_PACKAGE_PATH='from __future__ import print_function
import os
env_name = '\''CMAKE_PREFIX_PATH'\''
paths = [path for path in os.environ[env_name].split(os.pathsep)] if env_name in os.environ and os.environ[env_name] != '\'''\'' else []
workspaces = [path for path in paths if os.path.exists(os.path.join(path, '\''.catkin'\''))]
paths = []
for workspace in workspaces:
    filename = os.path.join(workspace, '\''.catkin'\'')
    data = '\'''\''
    with open(filename) as f:
        data = f.read()
    if data == '\'''\'':
        paths.append(os.path.join(workspace, '\''share'\''))
        if os.path.isdir(os.path.join(workspace, '\''stacks'\'')):
            paths.append(os.path.join(workspace, '\''stacks'\''))
    else:
        for source_path in data.split('\'';'\''):
            paths.append(source_path)
print(os.pathsep.join(paths))'
+++++ /usr/bin/python3 -c 'from __future__ import print_function
import os
env_name = '\''CMAKE_PREFIX_PATH'\''
paths = [path for path in os.environ[env_name].split(os.pathsep)] if env_name in os.environ and os.environ[env_name] != '\'''\'' else []
workspaces = [path for path in paths if os.path.exists(os.path.join(path, '\''.catkin'\''))]
paths = []
for workspace in workspaces:
    filename = os.path.join(workspace, '\''.catkin'\'')
    data = '\'''\''
    with open(filename) as f:
        data = f.read()
    if data == '\'''\'':
        paths.append(os.path.join(workspace, '\''share'\''))
        if os.path.isdir(os.path.join(workspace, '\''stacks'\'')):
            paths.append(os.path.join(workspace, '\''stacks'\''))
    else:
        for source_path in data.split('\'';'\''):
            paths.append(source_path)
print(os.pathsep.join(paths))'
++++ export ROS_PACKAGE_PATH=/home/cuing/catkin_ws/src:/opt/ros/noetic/share
++++ ROS_PACKAGE_PATH=/home/cuing/catkin_ws/src:/opt/ros/noetic/share
+++ unset CATKIN_ENV_HOOK_WORKSPACE
+++ _i=3
+++ '[' 3 -lt 12 ']'
+++ eval '_envfile=$_CATKIN_ENVIRONMENT_HOOKS_3'
++++ _envfile=/opt/ros/noetic/etc/catkin/profile.d/1.ros_python_version.sh
+++ unset _CATKIN_ENVIRONMENT_HOOKS_3
+++ eval '_envfile_workspace=$_CATKIN_ENVIRONMENT_HOOKS_3_WORKSPACE'
++++ _envfile_workspace=/opt/ros/noetic
+++ unset _CATKIN_ENVIRONMENT_HOOKS_3_WORKSPACE
+++ CATKIN_ENV_HOOK_WORKSPACE=/opt/ros/noetic
+++ . /opt/ros/noetic/etc/catkin/profile.d/1.ros_python_version.sh
++++ export ROS_PYTHON_VERSION=3
++++ ROS_PYTHON_VERSION=3
+++ unset CATKIN_ENV_HOOK_WORKSPACE
+++ _i=4
+++ '[' 4 -lt 12 ']'
+++ eval '_envfile=$_CATKIN_ENVIRONMENT_HOOKS_4'
++++ _envfile=/opt/ros/noetic/etc/catkin/profile.d/1.ros_version.sh
+++ unset _CATKIN_ENVIRONMENT_HOOKS_4
+++ eval '_envfile_workspace=$_CATKIN_ENVIRONMENT_HOOKS_4_WORKSPACE'
++++ _envfile_workspace=/opt/ros/noetic
+++ unset _CATKIN_ENVIRONMENT_HOOKS_4_WORKSPACE
+++ CATKIN_ENV_HOOK_WORKSPACE=/opt/ros/noetic
+++ . /opt/ros/noetic/etc/catkin/profile.d/1.ros_version.sh
++++ export ROS_VERSION=1
++++ ROS_VERSION=1
+++ unset CATKIN_ENV_HOOK_WORKSPACE
+++ _i=5
+++ '[' 5 -lt 12 ']'
+++ eval '_envfile=$_CATKIN_ENVIRONMENT_HOOKS_5'
++++ _envfile=/opt/ros/noetic/etc/catkin/profile.d/10.rosbuild.sh
+++ unset _CATKIN_ENVIRONMENT_HOOKS_5
+++ eval '_envfile_workspace=$_CATKIN_ENVIRONMENT_HOOKS_5_WORKSPACE'
++++ _envfile_workspace=/opt/ros/noetic
+++ unset _CATKIN_ENVIRONMENT_HOOKS_5_WORKSPACE
+++ CATKIN_ENV_HOOK_WORKSPACE=/opt/ros/noetic
+++ . /opt/ros/noetic/etc/catkin/profile.d/10.rosbuild.sh
++++ '[' -z /opt/ros/noetic ']'
++++ export ROS_ROOT=/opt/ros/noetic/share/ros
++++ ROS_ROOT=/opt/ros/noetic/share/ros
+++ unset CATKIN_ENV_HOOK_WORKSPACE
+++ _i=6
+++ '[' 6 -lt 12 ']'
+++ eval '_envfile=$_CATKIN_ENVIRONMENT_HOOKS_6'
++++ _envfile=/opt/ros/noetic/etc/catkin/profile.d/10.roslaunch.sh
+++ unset _CATKIN_ENVIRONMENT_HOOKS_6
+++ eval '_envfile_workspace=$_CATKIN_ENVIRONMENT_HOOKS_6_WORKSPACE'
++++ _envfile_workspace=/opt/ros/noetic
+++ unset _CATKIN_ENVIRONMENT_HOOKS_6_WORKSPACE
+++ CATKIN_ENV_HOOK_WORKSPACE=/opt/ros/noetic
+++ . /opt/ros/noetic/etc/catkin/profile.d/10.roslaunch.sh
++++ '[' '!' http://localhost:11311 ']'
+++ unset CATKIN_ENV_HOOK_WORKSPACE
+++ _i=7
+++ '[' 7 -lt 12 ']'
+++ eval '_envfile=$_CATKIN_ENVIRONMENT_HOOKS_7'
++++ _envfile=/opt/ros/noetic/etc/catkin/profile.d/99.roslisp.sh
+++ unset _CATKIN_ENVIRONMENT_HOOKS_7
+++ eval '_envfile_workspace=$_CATKIN_ENVIRONMENT_HOOKS_7_WORKSPACE'
++++ _envfile_workspace=/opt/ros/noetic
+++ unset _CATKIN_ENVIRONMENT_HOOKS_7_WORKSPACE
+++ CATKIN_ENV_HOOK_WORKSPACE=/opt/ros/noetic
+++ . /opt/ros/noetic/etc/catkin/profile.d/99.roslisp.sh
+++++ cat
++++ PYTHON_CODE_BUILD_ROSLISP_PACKAGE_DIRECTORIES='from __future__ import print_function
import os
env_name = '\''CMAKE_PREFIX_PATH'\''
paths = [path for path in os.environ[env_name].split(os.pathsep)] if env_name in os.environ and os.environ[env_name] != '\'''\'' else []
workspaces = [path for path in paths if os.path.exists(os.path.join(path, '\''.catkin'\''))]
paths = []
for workspace in workspaces:
    filename = os.path.join(workspace, '\''.catkin'\'')
    data = '\'''\''
    with open(filename) as f:
        data = f.read()
    if data:
        paths.append(os.path.join(workspace, '\''share'\'', '\''common-lisp'\''))
print(os.pathsep.join(paths))'
+++++ /usr/bin/python3 -c 'from __future__ import print_function
import os
env_name = '\''CMAKE_PREFIX_PATH'\''
paths = [path for path in os.environ[env_name].split(os.pathsep)] if env_name in os.environ and os.environ[env_name] != '\'''\'' else []
workspaces = [path for path in paths if os.path.exists(os.path.join(path, '\''.catkin'\''))]
paths = []
for workspace in workspaces:
    filename = os.path.join(workspace, '\''.catkin'\'')
    data = '\'''\''
    with open(filename) as f:
        data = f.read()
    if data:
        paths.append(os.path.join(workspace, '\''share'\'', '\''common-lisp'\''))
print(os.pathsep.join(paths))'
++++ export ROSLISP_PACKAGE_DIRECTORIES=/home/cuing/catkin_ws/devel/share/common-lisp
++++ ROSLISP_PACKAGE_DIRECTORIES=/home/cuing/catkin_ws/devel/share/common-lisp
+++ unset CATKIN_ENV_HOOK_WORKSPACE
+++ _i=8
+++ '[' 8 -lt 12 ']'
+++ eval '_envfile=$_CATKIN_ENVIRONMENT_HOOKS_8'
++++ _envfile=/opt/ros/noetic/etc/catkin/profile.d/05.catkin_make.bash
+++ unset _CATKIN_ENVIRONMENT_HOOKS_8
+++ eval '_envfile_workspace=$_CATKIN_ENVIRONMENT_HOOKS_8_WORKSPACE'
++++ _envfile_workspace=/opt/ros/noetic
+++ unset _CATKIN_ENVIRONMENT_HOOKS_8_WORKSPACE
+++ CATKIN_ENV_HOOK_WORKSPACE=/opt/ros/noetic
+++ . /opt/ros/noetic/etc/catkin/profile.d/05.catkin_make.bash
++++ complete -F _catkin_make catkin_make
+++ unset CATKIN_ENV_HOOK_WORKSPACE
+++ _i=9
+++ '[' 9 -lt 12 ']'
+++ eval '_envfile=$_CATKIN_ENVIRONMENT_HOOKS_9'
++++ _envfile=/opt/ros/noetic/etc/catkin/profile.d/05.catkin_make_isolated.bash
+++ unset _CATKIN_ENVIRONMENT_HOOKS_9
+++ eval '_envfile_workspace=$_CATKIN_ENVIRONMENT_HOOKS_9_WORKSPACE'
++++ _envfile_workspace=/opt/ros/noetic
+++ unset _CATKIN_ENVIRONMENT_HOOKS_9_WORKSPACE
+++ CATKIN_ENV_HOOK_WORKSPACE=/opt/ros/noetic
+++ . /opt/ros/noetic/etc/catkin/profile.d/05.catkin_make_isolated.bash
++++ complete -F _catkin_make_isolated catkin_make_isolated
+++ unset CATKIN_ENV_HOOK_WORKSPACE
+++ _i=10
+++ '[' 10 -lt 12 ']'
+++ eval '_envfile=$_CATKIN_ENVIRONMENT_HOOKS_10'
++++ _envfile=/opt/ros/noetic/etc/catkin/profile.d/15.rosbash.bash
+++ unset _CATKIN_ENVIRONMENT_HOOKS_10
+++ eval '_envfile_workspace=$_CATKIN_ENVIRONMENT_HOOKS_10_WORKSPACE'
++++ _envfile_workspace=/opt/ros/noetic
+++ unset _CATKIN_ENVIRONMENT_HOOKS_10_WORKSPACE
+++ CATKIN_ENV_HOOK_WORKSPACE=/opt/ros/noetic
+++ . /opt/ros/noetic/etc/catkin/profile.d/15.rosbash.bash
++++ '[' -z /opt/ros/noetic ']'
++++ . /opt/ros/noetic/share/rosbash/rosbash
+++++ complete -F _roscomplete_sub_dir -o nospace roscd
+++++ complete -F _roscomplete_sub_dir -o nospace rospd
+++++ complete -F _roscomplete_sub_dir -o nospace rosls
+++++ complete -F _roscomplete_rosmake rosmake
+++++ complete -F _roscomplete_rosclean rosclean
+++++ complete -F _roscomplete_exe rosrun
+++++ complete -F _roscomplete_file rosed
+++++ complete -F _roscomplete_file roscp
+++++ complete -F _roscomplete_file roscat
+++++ complete -F _roscomplete_launch -o filenames roslaunch
+++++ complete -F _roscomplete_test -o filenames rostest
+++++ complete -F _roscomplete_rospack rospack
+++++ complete -F _roscomplete_rosbag -o default rosbag
+++++ complete -F _roscomplete_rosnode rosnode
+++++ complete -F _roscomplete_rosparam rosparam
+++++ complete -F _roscomplete_rostopic rostopic
+++++ complete -F _roscomplete_rosservice rosservice
+++++ complete -F _roscomplete_rosmsg rosmsg
+++++ complete -F _roscomplete_rossrv rossrv
+++++ complete -F _roscomplete_roscreate_pkg roscreate-pkg
+++++ complete -F _roscomplete_roswtf -o filenames roswtf
+++++ complete -F _roscomplete_rosconsole rosconsole
+++++ complete -F _roscomplete_filemv rosmv
+++ unset CATKIN_ENV_HOOK_WORKSPACE
+++ _i=11
+++ '[' 11 -lt 12 ']'
+++ eval '_envfile=$_CATKIN_ENVIRONMENT_HOOKS_11'
++++ _envfile=/opt/ros/noetic/etc/catkin/profile.d/20.transform.bash
+++ unset _CATKIN_ENVIRONMENT_HOOKS_11
+++ eval '_envfile_workspace=$_CATKIN_ENVIRONMENT_HOOKS_11_WORKSPACE'
++++ _envfile_workspace=/opt/ros/noetic
+++ unset _CATKIN_ENVIRONMENT_HOOKS_11_WORKSPACE
+++ CATKIN_ENV_HOOK_WORKSPACE=/opt/ros/noetic
+++ . /opt/ros/noetic/etc/catkin/profile.d/20.transform.bash
+++++ complete
+++++ grep -w rosrun
+++++ awk '{print $3}'
++++ _sav_transform_roscomplete_rosrun=_roscomplete_exe
++++ complete -F _roscomplete_rosrun_transform rosrun
+++ unset CATKIN_ENV_HOOK_WORKSPACE
+++ _i=12
+++ '[' 12 -lt 12 ']'
+++ unset _i
+++ unset _CATKIN_ENVIRONMENT_HOOKS_COUNT
+ echo 22163
+ sleep 1
+ nohup roslaunch mountain_car_sim mountain_city_air_demo.launch
+ ps -ef
+ egrep 'roslaunch|gzserver|gzclient|rosmaster'
+ grep -v egrep
cuing      22163   22120 57 22:08 ?        00:00:00 /usr/bin/python3 /opt/ros/noetic/bin/roslaunch mountain_car_sim mountain_city_air_demo.launch
cuing      22179   22120  0 22:08 ?        00:00:00 grep -E roslaunch|gzserver|gzclient|rosmaster
